<summary xmlns="http://nwalsh.com/ns/xslt/analysis" xml:base="..." imports="0" includes="0" variables="1" params="1" templates="4" functions="2" fixmes="0"><stylesheet id="S-39899" xml:base="..." imports="0" includes="0" variables="1" params="1" templates="4" functions="2" fixmes="0"><variables><unused>S-39899-..shadowed</unused></variables><params></params><templates><unused>S-39899-example.com.first.foo</unused></templates><comments></comments><functions><unused>S-39899-example.com.first.f,1</unused><unused>S-39899-example.com.first.g,0</unused></functions><variable id="S-39899-..a" class="param" type="param" elsewhere="false" name="{}a" display-name="a" as="xs:string"><used-by class="template">S-39899-t-2</used-by><used-by-module>S-39899</used-by-module></variable><variable id="S-39899-..shadowed" class="variable unused" type="variable" elsewhere="false" name="{}shadowed" display-name="shadowed"></variable><template id="S-39899-example.com.first.foo" class="template" recursive="true" elsewhere="false" name="{http://example.com/first}foo" display-name="a:foo" match="a:foo"><used-by>S-39899-example.com.first.foo</used-by><used-by-module>S-39899</used-by-module></template><template id="S-39899-t-2" class="template" recursive="false" elsewhere="false" match="a:bar"><variable>S-39899-..a</variable><template>S-39899-example.com.second.foo</template></template><function id="S-39899-example.com.first.f,1" class="function unused" recursive="false" elsewhere="false" name="{http://example.com/first}f#1" display-name="a:f#1" as="xs:integer"><param name="num" as="xs:integer"></param><no-arity>S-39899-example.com.first.f,1</no-arity></function><function id="S-39899-example.com.first.g,0" class="function unused" recursive="false" elsewhere="false" name="{http://example.com/first}g#0" display-name="a:g#0" as="xs:integer"><no-arity>S-39899-example.com.first.g,0</no-arity><template>S-39899-example.com.third.third-template</template></function><template id="S-39899-example.com.second.foo" class="template" recursive="false" elsewhere="false" name="{http://example.com/second}foo" display-name="b:foo"><used-by>S-39899-t-2</used-by><used-by-module>S-39899</used-by-module></template><template id="S-39899-example.com.third.third-template" class="template" recursive="false" elsewhere="false" name="{http://example.com/third}third-template" display-name="t:third-template"><used-by>S-39899-example.com.first.g,0</used-by><used-by-module>S-39899</used-by-module></template></stylesheet></summary>