<summary xmlns="http://nwalsh.com/ns/xslt/analysis" xml:base="..." imports="0" includes="0" variables="0" params="0" templates="2" functions="0" fixmes="2"><stylesheet id="S-22220" xml:base="..." imports="0" includes="0" variables="0" params="0" templates="2" functions="0" fixmes="2"><variables></variables><params></params><templates></templates><comments></comments><functions></functions><template id="S-22220-t-1" class="template" recursive="false" elsewhere="false" match="element()"></template><template id="S-22220-t-2" class="template" recursive="false" elsewhere="false" match="attribute()|comment()|processing-instruction()|text()"></template><comment id="S-22220-c-1" class="comment">FIXME: this is a test of a fixme comment, don't really fix me!</comment><comment id="S-22220-c-2" class="comment">FIXME: Don't fix this either.</comment></stylesheet></summary>