<summary xmlns="http://nwalsh.com/ns/xslt/analysis" xml:base="..." imports="0" includes="0" variables="0" params="0" templates="1" functions="3" fixmes="0"><stylesheet id="S-3611" xml:base="..." imports="0" includes="0" variables="0" params="0" templates="1" functions="3" fixmes="0"><variables></variables><params></params><templates></templates><comments></comments><functions><unused>S-3611-example.org.ns.functions.ufunc,0</unused><unused>S-3611-example.org.ns.functions.rfunc,0</unused></functions><template id="S-3611-t-1" class="template" recursive="false" elsewhere="false" match="/"><function>S-3611-example.org.ns.functions.func,0</function></template><function id="S-3611-example.org.ns.functions.func,0" class="function" recursive="false" elsewhere="false" name="{http://example.org/ns/functions}func#0" display-name="f:func#0"><no-arity>S-3611-example.org.ns.functions.func,0</no-arity><used-by>S-3611-t-1</used-by><used-by-module>S-3611</used-by-module></function><function id="S-3611-example.org.ns.functions.ufunc,0" class="function unused" recursive="false" elsewhere="false" name="{http://example.org/ns/functions}ufunc#0" display-name="f:ufunc#0" as="xs:integer"><no-arity>S-3611-example.org.ns.functions.ufunc,0</no-arity></function><function id="S-3611-example.org.ns.functions.rfunc,0" class="function" recursive="true" elsewhere="false" name="{http://example.org/ns/functions}rfunc#0" display-name="f:rfunc#0"><no-arity>S-3611-example.org.ns.functions.rfunc,0</no-arity><used-by>S-3611-example.org.ns.functions.rfunc,0</used-by><used-by-module>S-3611</used-by-module></function></stylesheet></summary>