<summary xmlns="http://nwalsh.com/ns/xslt/analysis" xml:base="..." imports="0" includes="0" variables="0" params="0" templates="2" functions="0" fixmes="0"><stylesheet id="S-54303" xml:base="..." imports="0" includes="0" variables="0" params="0" templates="2" functions="0" fixmes="0"><variables></variables><params></params><templates></templates><comments></comments><functions></functions><template id="S-54303-t-1" class="template" recursive="false" elsewhere="false" match="element()"></template><template id="S-54303-t-2" class="template" recursive="false" elsewhere="false" match="attribute()|comment()|processing-instruction()|text()"></template></stylesheet></summary>