<summary xmlns="http://nwalsh.com/ns/xslt/analysis" xml:base="..." imports="2" includes="0" variables="1" params="0" templates="3" functions="1" fixmes="0"><stylesheet id="S-22605" xml:base="..." imports="2" includes="0" variables="0" params="0" templates="1" functions="0" fixmes="0"><variables></variables><params></params><templates></templates><comments></comments><functions></functions><stylesheet id="S-56283" xml:base="..." href="onlyin-a.xsl" transclusion="import" imports="0" includes="0" variables="0" params="0" templates="1" functions="0" fixmes="0"><variables></variables><params></params><templates></templates><comments></comments><functions></functions><template id="S-56283-example.com.template.template" class="template" recursive="true" elsewhere="false" name="{http://example.com/template}template" display-name="t:template"><param name="arg1"></param><variable>S-57564-..varname</variable><template>S-57564-example.com.template.template2</template><used-by>S-56283-example.com.template.template</used-by><used-by>S-22605-t-1</used-by><used-by-module>S-22605</used-by-module><used-by-module>S-56283</used-by-module></template></stylesheet><stylesheet id="S-57564" xml:base="..." href="onlyin-b.xsl" transclusion="import" imports="0" includes="0" variables="1" params="0" templates="1" functions="1" fixmes="0"><variables><elsewhere>S-57564-..varname</elsewhere></variables><params></params><templates><elsewhere>S-57564-example.com.template.template2</elsewhere></templates><comments></comments><functions><elsewhere>S-57564-example.com.function.function,1</elsewhere></functions><template id="S-57564-example.com.template.template2" class="template elsewhere" recursive="false" elsewhere="true" name="{http://example.com/template}template2" display-name="t:template2"><param name="arg1"></param><used-by>S-56283-example.com.template.template</used-by><used-by-module>S-56283</used-by-module></template><function id="S-57564-example.com.function.function,1" class="function elsewhere" recursive="false" elsewhere="true" name="{http://example.com/function}function#1" display-name="f:function#1"><param name="arg1"></param><no-arity>S-57564-example.com.function.function,1</no-arity><used-by>S-22605-t-1</used-by><used-by-module>S-22605</used-by-module></function><variable id="S-57564-..varname" class="variable elsewhere" type="variable" elsewhere="true" name="{}varname" display-name="varname"><used-by class="template">S-56283-example.com.template.template</used-by><used-by-module>S-56283</used-by-module></variable></stylesheet><template id="S-22605-t-1" class="template" recursive="false" elsewhere="false" match="/"><function>S-57564-example.com.function.function,1</function><template>S-56283-example.com.template.template</template></template></stylesheet></summary>