<summary xmlns="http://nwalsh.com/ns/xslt/analysis" xml:base="..." imports="0" includes="0" variables="1" params="1" templates="3" functions="3" fixmes="0"><stylesheet id="S-35888" xml:base="..." imports="0" includes="0" variables="1" params="1" templates="3" functions="3" fixmes="0"><variables></variables><params><unused>S-35888-..b</unused></params><templates><unused>S-35888-example.com.second.baz</unused><unused>S-35888-example.com.second.foo</unused></templates><comments></comments><functions></functions><variable id="S-35888-..b" class="param unused" type="param" elsewhere="false" name="{}b" display-name="b" as="xs:string"></variable><variable id="S-35888-..shadowed" class="variable" type="variable" elsewhere="false" name="{}shadowed" display-name="shadowed"><used-by class="template">S-35888-example.com.second.foo</used-by><used-by-module>S-35888</used-by-module></variable><template id="S-35888-example.com.second.baz" class="template unused" recursive="false" elsewhere="false" name="{http://example.com/second}baz" display-name="a:baz" match="a:baz"><function>S-35888-example.com.first.f,1</function></template><template id="S-35888-example.com.second.foo" class="template unused" recursive="false" elsewhere="false" name="{http://example.com/second}foo" display-name="a:foo" match="a:moo"><variable>S-35888-..shadowed</variable><function>S-35888-example.com.second.f,1</function><template>S-35888-example.com.second.bar</template></template><template id="S-35888-example.com.second.bar" class="template" recursive="false" elsewhere="false" name="{http://example.com/second}bar" display-name="a:bar"><function>S-35888-example.com.third.third-function,0</function><used-by>S-35888-example.com.second.foo</used-by><used-by-module>S-35888</used-by-module></template><function id="S-35888-example.com.second.f,1" class="function" recursive="false" elsewhere="false" name="{http://example.com/second}f#1" display-name="a:f#1" as="xs:integer"><param name="num" as="xs:integer"></param><no-arity>S-35888-example.com.second.f,1</no-arity><used-by>S-35888-example.com.second.foo</used-by><used-by-module>S-35888</used-by-module></function><function id="S-35888-example.com.first.f,1" class="function" recursive="false" elsewhere="false" name="{http://example.com/first}f#1" display-name="b:f#1" as="xs:integer"><param name="num" as="xs:integer"></param><no-arity>S-35888-example.com.first.f,1</no-arity><used-by>S-35888-example.com.second.baz</used-by><used-by-module>S-35888</used-by-module></function><function id="S-35888-example.com.third.third-function,0" class="function" recursive="false" elsewhere="false" name="{http://example.com/third}third-function#0" display-name="t:third-function#0" as="xs:integer"><no-arity>S-35888-example.com.third.third-function,0</no-arity><used-by>S-35888-example.com.second.bar</used-by><used-by-module>S-35888</used-by-module></function></stylesheet></summary>