<summary xmlns="http://nwalsh.com/ns/xslt/analysis" xml:base="..." imports="2" includes="0" variables="2" params="0" templates="3" functions="2" fixmes="0"><stylesheet id="S-44858" xml:base="..." imports="2" includes="0" variables="0" params="0" templates="1" functions="0" fixmes="0"><variables></variables><params></params><templates></templates><comments></comments><functions></functions><stylesheet id="S-3528" xml:base="..." href="shadow-a.xsl" transclusion="import" imports="0" includes="0" variables="1" params="0" templates="1" functions="1" fixmes="0"><variables><unused>S-3528-example.com.variable.variable</unused></variables><params></params><templates><unused>S-3528-example.com.template.template</unused></templates><comments></comments><functions><unused>S-3528-example.com.function.function,1</unused></functions><variable id="S-3528-example.com.variable.variable" class="variable unused" type="variable" elsewhere="false" name="{http://example.com/variable}variable" display-name="v:variable"></variable><template id="S-3528-example.com.template.template" class="template unused" recursive="false" elsewhere="false" name="{http://example.com/template}template" display-name="t:template"></template><function id="S-3528-example.com.function.function,1" class="function unused" recursive="false" elsewhere="false" name="{http://example.com/function}function#1" display-name="f:function#1"><param name="arg1"></param><no-arity>S-3528-example.com.function.function,1</no-arity><no-arity>S-4809-example.com.function.function,1</no-arity></function></stylesheet><stylesheet id="S-4809" xml:base="..." href="shadow-b.xsl" transclusion="import" imports="0" includes="0" variables="1" params="0" templates="1" functions="1" fixmes="0"><variables><shadows>S-4809-example.com.variable.variable</shadows><elsewhere>S-4809-example.com.variable.variable</elsewhere></variables><params></params><templates><shadows>S-4809-example.com.template.template</shadows><elsewhere>S-4809-example.com.template.template</elsewhere></templates><comments></comments><functions><shadows>S-4809-example.com.function.function,1</shadows><elsewhere>S-4809-example.com.function.function,1</elsewhere></functions><variable id="S-4809-example.com.variable.variable" class="variable shadows elsewhere" type="variable" elsewhere="true" name="{http://example.com/variable}variable" display-name="v:variable"><shadow>S-3528-example.com.variable.variable</shadow><used-by class="template">S-44858-t-1</used-by><used-by-module>S-44858</used-by-module></variable><template id="S-4809-example.com.template.template" class="template shadows elsewhere" recursive="false" elsewhere="true" name="{http://example.com/template}template" display-name="t:template"><shadow>S-3528-example.com.template.template</shadow><used-by>S-44858-t-1</used-by><used-by-module>S-44858</used-by-module></template><function id="S-4809-example.com.function.function,1" class="function shadows elsewhere" recursive="false" elsewhere="true" name="{http://example.com/function}function#1" display-name="f:function#1"><param name="arg1"></param><shadow>S-3528-example.com.function.function,1</shadow><no-arity>S-4809-example.com.function.function,1</no-arity><used-by>S-44858-t-1</used-by><used-by-module>S-44858</used-by-module></function></stylesheet><template id="S-44858-t-1" class="template" recursive="false" elsewhere="false" match="/"><variable>S-4809-example.com.variable.variable</variable><function>S-4809-example.com.function.function,1</function><template>S-4809-example.com.template.template</template></template></stylesheet></summary>