<summary xmlns="http://nwalsh.com/ns/xslt/analysis" xml:base="..." imports="0" includes="0" variables="0" params="0" templates="4" functions="0" fixmes="0"><stylesheet id="S-59665" xml:base="..." imports="0" includes="0" variables="0" params="0" templates="4" functions="0" fixmes="0"><variables></variables><params></params><templates><unused>S-59665-..utemp</unused><unused>S-59665-..rtemp</unused></templates><comments></comments><functions></functions><template id="S-59665-t-1" class="template" recursive="false" elsewhere="false" match="/"><template>S-59665-..temp</template></template><template id="S-59665-..temp" class="template" recursive="false" elsewhere="false" name="{}temp" display-name="temp"><used-by>S-59665-t-1</used-by><used-by-module>S-59665</used-by-module></template><template id="S-59665-..utemp" class="template unused" recursive="false" elsewhere="false" name="{}utemp" display-name="utemp"></template><template id="S-59665-..rtemp" class="template" recursive="true" elsewhere="false" name="{}rtemp" display-name="rtemp"><used-by>S-59665-..rtemp</used-by><used-by-module>S-59665</used-by-module></template></stylesheet></summary>