<summary xmlns="http://nwalsh.com/ns/xslt/analysis" xml:base="..." imports="3" includes="0" variables="2" params="2" templates="11" functions="6" fixmes="0"><stylesheet id="S-54131" xml:base="..." imports="3" includes="0" variables="0" params="0" templates="2" functions="0" fixmes="0"><variables></variables><params></params><templates></templates><comments></comments><functions></functions><stylesheet id="S-39899" xml:base="..." href="first.xsl" transclusion="import" imports="0" includes="0" variables="1" params="1" templates="4" functions="2" fixmes="0"><variables><unused>S-39899-..shadowed</unused></variables><params></params><templates><unused>S-39899-example.com.first.foo</unused><unused>S-39899-example.com.second.foo</unused><unused>S-39899-example.com.third.third-template</unused></templates><comments></comments><functions><unused>S-39899-example.com.first.f,1</unused><unused>S-39899-example.com.first.g,0</unused></functions><variable id="S-39899-..a" class="param" type="param" elsewhere="false" name="{}a" display-name="a" as="xs:string"><used-by class="template">S-39899-t-2</used-by><used-by-module>S-39899</used-by-module></variable><variable id="S-39899-..shadowed" class="variable unused" type="variable" elsewhere="false" name="{}shadowed" display-name="shadowed"></variable><template id="S-39899-example.com.first.foo" class="template unused" recursive="false" elsewhere="false" name="{http://example.com/first}foo" display-name="a:foo" match="a:foo"><template>S-31950-example.com.first.foo</template></template><template id="S-39899-t-2" class="template" recursive="false" elsewhere="false" match="a:bar"><variable>S-39899-..a</variable><template>S-35888-example.com.second.foo</template></template><function id="S-39899-example.com.first.f,1" class="function unused" recursive="false" elsewhere="false" name="{http://example.com/first}f#1" display-name="a:f#1" as="xs:integer"><param name="num" as="xs:integer"></param><no-arity>S-39899-example.com.first.f,1</no-arity><no-arity>S-35888-example.com.first.f,1</no-arity></function><function id="S-39899-example.com.first.g,0" class="function unused" recursive="false" elsewhere="false" name="{http://example.com/first}g#0" display-name="a:g#0" as="xs:integer"><no-arity>S-39899-example.com.first.g,0</no-arity><template>S-31950-example.com.third.third-template</template></function><template id="S-39899-example.com.second.foo" class="template unused" recursive="false" elsewhere="false" name="{http://example.com/second}foo" display-name="b:foo"></template><template id="S-39899-example.com.third.third-template" class="template unused" recursive="false" elsewhere="false" name="{http://example.com/third}third-template" display-name="t:third-template"></template></stylesheet><stylesheet id="S-35888" xml:base="..." href="second.xsl" transclusion="import" imports="0" includes="0" variables="1" params="1" templates="3" functions="3" fixmes="0"><variables><shadows>S-35888-..shadowed</shadows></variables><params><unused>S-35888-..b</unused></params><templates><unused>S-35888-example.com.second.baz</unused><shadows>S-35888-example.com.second.foo</shadows><elsewhere>S-35888-example.com.second.foo</elsewhere></templates><comments></comments><functions><unused>S-35888-example.com.third.third-function,0</unused><shadows>S-35888-example.com.first.f,1</shadows></functions><variable id="S-35888-..b" class="param unused" type="param" elsewhere="false" name="{}b" display-name="b" as="xs:string"></variable><variable id="S-35888-..shadowed" class="variable shadows" type="variable" elsewhere="false" name="{}shadowed" display-name="shadowed"><shadow>S-39899-..shadowed</shadow><used-by class="template">S-35888-example.com.second.foo</used-by><used-by-module>S-35888</used-by-module></variable><template id="S-35888-example.com.second.baz" class="template unused" recursive="false" elsewhere="false" name="{http://example.com/second}baz" display-name="a:baz" match="a:baz"><function>S-35888-example.com.first.f,1</function></template><template id="S-35888-example.com.second.foo" class="template shadows elsewhere" recursive="false" elsewhere="true" name="{http://example.com/second}foo" display-name="a:foo" match="a:moo"><shadow>S-39899-example.com.second.foo</shadow><variable>S-35888-..shadowed</variable><function>S-35888-example.com.second.f,1</function><template>S-35888-example.com.second.bar</template><used-by>S-39899-t-2</used-by><used-by-module>S-39899</used-by-module></template><template id="S-35888-example.com.second.bar" class="template" recursive="false" elsewhere="false" name="{http://example.com/second}bar" display-name="a:bar"><function>S-31950-example.com.third.third-function,0</function><used-by>S-35888-example.com.second.foo</used-by><used-by-module>S-35888</used-by-module></template><function id="S-35888-example.com.second.f,1" class="function" recursive="false" elsewhere="false" name="{http://example.com/second}f#1" display-name="a:f#1" as="xs:integer"><param name="num" as="xs:integer"></param><no-arity>S-35888-example.com.second.f,1</no-arity><used-by>S-35888-example.com.second.foo</used-by><used-by-module>S-35888</used-by-module></function><function id="S-35888-example.com.first.f,1" class="function shadows" recursive="false" elsewhere="false" name="{http://example.com/first}f#1" display-name="b:f#1" as="xs:integer"><param name="num" as="xs:integer"></param><shadow>S-39899-example.com.first.f,1</shadow><no-arity>S-35888-example.com.first.f,1</no-arity><used-by>S-35888-example.com.second.baz</used-by><used-by-module>S-35888</used-by-module></function><function id="S-35888-example.com.third.third-function,0" class="function unused" recursive="false" elsewhere="false" name="{http://example.com/third}third-function#0" display-name="t:third-function#0" as="xs:integer"><no-arity>S-35888-example.com.third.third-function,0</no-arity><no-arity>S-31950-example.com.third.third-function,0</no-arity></function></stylesheet><stylesheet id="S-31950" xml:base="..." href="third.xsl" transclusion="import" imports="0" includes="0" variables="0" params="0" templates="2" functions="1" fixmes="0"><variables></variables><params></params><templates><shadows>S-31950-example.com.third.third-template</shadows><shadows>S-31950-example.com.first.foo</shadows><elsewhere>S-31950-example.com.third.third-template</elsewhere><elsewhere>S-31950-example.com.first.foo</elsewhere></templates><comments></comments><functions><shadows>S-31950-example.com.third.third-function,0</shadows><elsewhere>S-31950-example.com.third.third-function,0</elsewhere></functions><template id="S-31950-example.com.third.third-template" class="template shadows elsewhere" recursive="false" elsewhere="true" name="{http://example.com/third}third-template" display-name="a:third-template"><shadow>S-39899-example.com.third.third-template</shadow><used-by>S-39899-example.com.first.g,0</used-by><used-by-module>S-39899</used-by-module></template><function id="S-31950-example.com.third.third-function,0" class="function shadows elsewhere" recursive="false" elsewhere="true" name="{http://example.com/third}third-function#0" display-name="a:third-function#0"><shadow>S-35888-example.com.third.third-function,0</shadow><no-arity>S-31950-example.com.third.third-function,0</no-arity><used-by>S-35888-example.com.second.bar</used-by><used-by-module>S-35888</used-by-module></function><template id="S-31950-example.com.first.foo" class="template shadows elsewhere" recursive="false" elsewhere="true" name="{http://example.com/first}foo" display-name="first:foo"><shadow>S-39899-example.com.first.foo</shadow><used-by>S-39899-example.com.first.foo</used-by><used-by-module>S-39899</used-by-module></template></stylesheet><template id="S-54131-t-1" class="template" recursive="false" elsewhere="false" match="element()"></template><template id="S-54131-t-2" class="template" recursive="false" elsewhere="false" match="attribute()|comment()|processing-instruction()|text()"></template></stylesheet></summary>