<summary xmlns="http://nwalsh.com/ns/xslt/analysis" xml:base="..." imports="0" includes="0" variables="0" params="0" templates="2" functions="1" fixmes="0"><stylesheet id="S-31950" xml:base="..." imports="0" includes="0" variables="0" params="0" templates="2" functions="1" fixmes="0"><variables></variables><params></params><templates><unused>S-31950-example.com.third.third-template</unused><unused>S-31950-example.com.first.foo</unused></templates><comments></comments><functions><unused>S-31950-example.com.third.third-function,0</unused></functions><template id="S-31950-example.com.third.third-template" class="template unused" recursive="false" elsewhere="false" name="{http://example.com/third}third-template" display-name="a:third-template"></template><function id="S-31950-example.com.third.third-function,0" class="function unused" recursive="false" elsewhere="false" name="{http://example.com/third}third-function#0" display-name="a:third-function#0"><no-arity>S-31950-example.com.third.third-function,0</no-arity></function><template id="S-31950-example.com.first.foo" class="template unused" recursive="false" elsewhere="false" name="{http://example.com/first}foo" display-name="first:foo"></template></stylesheet></summary>