<summary xmlns="http://nwalsh.com/ns/xslt/analysis" xml:base="..." imports="0" includes="0" variables="2" params="0" templates="1" functions="0" fixmes="0"><stylesheet id="S-18426" xml:base="..." imports="0" includes="0" variables="2" params="0" templates="1" functions="0" fixmes="0"><variables><unused>S-18426-..uvar</unused></variables><params></params><templates></templates><comments></comments><functions></functions><variable id="S-18426-..var" class="variable" type="variable" elsewhere="false" name="{}var" display-name="var" as="xs:integer"><used-by class="template">S-18426-t-1</used-by><used-by-module>S-18426</used-by-module></variable><variable id="S-18426-..uvar" class="variable unused" type="variable" elsewhere="false" name="{}uvar" display-name="uvar"></variable><template id="S-18426-t-1" class="template" recursive="false" elsewhere="false" match="/"><variable>S-18426-..var</variable></template></stylesheet></summary>